/*C12*/SET SCHEMA PUBLIC
DELETE FROM MOVIE WHERE ID=24
DELETE FROM MOVIE WHERE ID=25
DELETE FROM MOVIE WHERE ID=26
DELETE FROM MOVIE WHERE ID=27
DELETE FROM MOVIE WHERE ID=28
COMMIT
DELETE FROM USER WHERE ID=1
DELETE FROM USER WHERE ID=2
COMMIT
INSERT INTO USER VALUES(1,'\u5f20\u4e09')
COMMIT
INSERT INTO USER VALUES(2,'\u674e\u56db')
COMMIT
INSERT INTO MOVIE VALUES(29,'2026-02-17','\u6d41\u6d6a\u5730\u74032',45.5E0,'\u5b8f\u5927\u79d1\u5e7b\u573a\u666f\u6781\u5177\u51b2\u51fb\u529b\uff0c\u5267\u60c5\u9971\u6ee1\u7acb\u610f\u6df1\u523b\u5f88\u9707\u64bc',1,NULL)
COMMIT
INSERT INTO MOVIE VALUES(30,'2026-02-18','\u963f\u51e1\u8fbe2',60.0E0,'\u5947\u5e7b\u6df1\u6d77\u4e16\u754c\u89c2\u60ca\u8273\uff0c\u89c6\u89c9\u62c9\u6ee1\uff0c\u4eb2\u60c5\u4e3b\u7ebf\u7ec6\u817b\u53c8\u6253\u52a8\u4eba\u5fc3\u89c6\u89c9\u9707\u64bc',1,NULL)
COMMIT
INSERT INTO MOVIE VALUES(31,'2026-03-05','\u6ee1\u6c5f\u7ea2',38.0E0,'\u5267\u60c5\u5c42\u5c42\u53cd\u8f6c\u60ac\u5ff5\u5341\u8db3\uff0c\u53f0\u8bcd\u97f5\u5473\u5341\u8db3\u611f\u67d3\u529b\u6781\u5f3a',2,NULL)
INSERT INTO MOVIE VALUES(32,'2026-04-10','\u98de\u9a70\u4eba\u751f2',42.0E0,'\u7b11\u70b9\u4e0e\u6e29\u60c5\u5e76\u5b58\uff0c\u8d5b\u8f66\u573a\u9762\u70ed\u8840\u6cb8\u817e\u5168\u7a0b\u89c2\u611f\u8212\u9002',2,NULL)
COMMIT
INSERT INTO MOVIE VALUES(33,'2026-05-17','\u6218\u72fc2',32.0E0,'\u300a\u6218\u72fc2\u300b\u662f\u4e00\u90e8\u5145\u6ee1\u70ed\u8840\u4e0e\u7231\u56fd\u60c5\u6000\u7684\u52a8\u4f5c\u7535\u5f71\uff0c\u8282\u594f\u7d27\u51d1\uff0c\u573a\u9762\u9707\u64bc\uff0c\u4ee4\u4eba\u5370\u8c61\u6df1\u523b\u3002',1,NULL)
COMMIT
DISCONNECT
/*C13*/SET SCHEMA PUBLIC
DISCONNECT
/*C14*/SET SCHEMA PUBLIC
DISCONNECT
/*C15*/SET SCHEMA PUBLIC
DISCONNECT
/*C16*/SET SCHEMA PUBLIC
DISCONNECT
/*C17*/SET SCHEMA PUBLIC
DISCONNECT
/*C18*/SET SCHEMA PUBLIC
DISCONNECT
/*C19*/SET SCHEMA PUBLIC
DISCONNECT
/*C20*/SET SCHEMA PUBLIC
DISCONNECT
/*C21*/SET SCHEMA PUBLIC
DISCONNECT
